Normal: OK
Size 00000000 => 00000000 (result=00000000)
Size 00000001 => 00000034 (result=00000000)
Size 00000002 => 00000034 (result=00000000)
Size 00000004 => 00000034 (result=00000000)
Size 00000008 => 00000034 (result=00000000)
Size 0000002C => 00000034 (result=00000000)
Size 00000030 => 00000034 (result=00000000)
Size 00000034 => 00000034 (result=00000000)
Size 00000038 => 00000034 (result=00000000)
Size 00000040 => 00000034 (result=00000000)
Size 00000080 => 00000034 (result=00000000)
Size 00000100 => 00000034 (result=00000000)
Size 00000400 => 00000034 (result=00000000)
Size 0000FF00 => 00000034 (result=00000000)
Size 00FF0000 => 00000034 (result=00000000)
Size 80000001 => 00000034 (result=00000000)
Size CCCCCCCC => 00000034 (result=00000000)
Size FFFFFFFF => 00000034 (result=00000000)
NULL: Failed (8002019B)
Invalid: Failed (8002019B)
Deleted: Failed (8002019B)
NULL: A1B1C2E1D1F2 (thread=800201B5, main=8002019B)
Refer other: A1B1C2E1D1F2 (thread=800201B5, main=00000000)
Refer same: A1B1C2E1D1F2 (thread=800201B5, main=00000000)
