'.':4096:16:4096
'..':4096:16:4096
'1.txt':5:32:8192
'2.txt':6:32:8192
'largefile.bin':211894:32:8192
'subfolder':0:16:4096
'test.txt':15:32:8192
