NULL name: Failed (80020001)
Blank name: OK
Long name: OK
Weird attr: OK
Negative initial count: OK
Positive initial count: OK
Initial count above max: OK
Negative max count: OK
Large initial count: OK
Large max count: OK
Sema: OK (size=56,name='create',attr=0,init=0,cur=0,max=2,wait=0)
Sema: OK (size=56,name='create',attr=0,init=0,cur=0,max=2,wait=0)
Scheduling: ABCDE
Initial not signaled: ABCDE
Initial signaled: ABCDE
Create 1024: OK
