No timeout:
  More than free: Failed (800201B7) VPL: OK (size=52,name=vpl,attr=00000000,poolSize=0000FFE0,freeSize=0000FFE0,wait=0)
  0 bytes: Failed (800201B7) VPL: OK (size=52,name=vpl,attr=00000000,poolSize=0000FFE0,freeSize=0000FFE0,wait=0)
  1 byte: OK VPL: OK (size=52,name=vpl,attr=00000000,poolSize=0000FFE0,freeSize=0000FFD0,wait=0)
  -1 bytes: Failed (800201B7) VPL: OK (size=52,name=vpl,attr=00000000,poolSize=0000FFE0,freeSize=0000FFD0,wait=0)
  16 bytes: OK VPL: OK (size=52,name=vpl,attr=00000000,poolSize=0000FFE0,freeSize=0000FFB8,wait=0)
  8 bytes: OK VPL: OK (size=52,name=vpl,attr=00000000,poolSize=0000FFE0,freeSize=0000FFA8,wait=0)

With timeout:
  More than free: Failed (800201B7, 500ms left) VPL: OK (size=52,name=vpl,attr=00000000,poolSize=0000FFE0,freeSize=0000FFA8,wait=0)
  0 bytes: Failed (800201B7, 500ms left) VPL: OK (size=52,name=vpl,attr=00000000,poolSize=0000FFE0,freeSize=0000FFA8,wait=0)
  1 byte: OK (500ms left) VPL: OK (size=52,name=vpl,attr=00000000,poolSize=0000FFE0,freeSize=0000FF98,wait=0)
  -1 bytes: Failed (800201B7, 500ms left) VPL: OK (size=52,name=vpl,attr=00000000,poolSize=0000FFE0,freeSize=0000FF98,wait=0)
  16 bytes: OK (500ms left) VPL: OK (size=52,name=vpl,attr=00000000,poolSize=0000FFE0,freeSize=0000FF80,wait=0)
  8 bytes: OK (500ms left) VPL: OK (size=52,name=vpl,attr=00000000,poolSize=0000FFE0,freeSize=0000FF70,wait=0)

Errors:
  Into NULL: Failed (800201A8, 0ms left) VPL: OK (size=52,name=vpl,attr=00000000,poolSize=0000FFE0,freeSize=0000FF70,wait=0)
  Most remaining: OK (500ms left) VPL: OK (size=52,name=vpl,attr=00000000,poolSize=0000FFE0,freeSize=00000068,wait=0)
  More than remaining: Failed (800201A8, 0ms left) VPL: OK (size=52,name=vpl,attr=00000000,poolSize=0000FFE0,freeSize=00000068,wait=0)
  All remaining: Failed (800201A8, 0ms left) VPL: OK (size=52,name=vpl,attr=00000000,poolSize=0000FFE0,freeSize=00000068,wait=0)
  All remaining - 7: Failed (800201A8, 0ms left) VPL: OK (size=52,name=vpl,attr=00000000,poolSize=0000FFE0,freeSize=00000068,wait=0)
  All remaining - 8: OK (500ms left) VPL: OK (size=52,name=vpl,attr=00000000,poolSize=0000FFE0,freeSize=00000000,wait=0)
  1 byte (none left): Failed (800201A8, 0ms left) VPL: OK (size=52,name=vpl,attr=00000000,poolSize=0000FFE0,freeSize=00000000,wait=0)
  1 byte (none left, 0 timeout): Failed (800201A8, 0ms left) VPL: OK (size=52,name=vpl,attr=00000000,poolSize=0000FFE0,freeSize=00000000,wait=0)
  NULL: Failed (8002019C, 500ms left) VPL: Failed (00000000)
  NULL with invalid: Failed (8002019C, 500ms left) VPL: Failed (00000000)
  Invalid: Failed (8002019C, 500ms left) VPL: Failed (DEADBEEF)
  Deleted: Failed (8002019C, 500ms left) VPL: Invalid (8002019C)

Three 0x08s: diff=18, 10

Attr 0:
  Alloc 0x10 of 0x00/0xE0: L1 L2 Failed (thread=800201A8, main=800201A8)
  Alloc 0x10 of 0x20/0xE0: L1 L2 OK (thread=00000000)
  Alloc 0x10 of 0x40/0xE0: L1 L2 OK (thread=00000000)

Attr 100:
  Alloc 0x10 of 0x00/0xE0: L1 L2 Failed (thread=800201A8, main=800201A8)
  Alloc 0x10 of 0x20/0xE0: L1 L2 OK (thread=00000000)
  Alloc 0x10 of 0x40/0xE0: L1 L2 OK (thread=00000000)

Attr 200:
  Alloc 0x10 of 0x00/0xE0: L1 L2 Failed (thread=800201A8, main=800201A8)
  Alloc 0x10 of 0x20/0xE0: L1 L2 OK (thread=00000000)
  Alloc 0x10 of 0x40/0xE0: L1 L2 OK (thread=00000000)

Attr 4000:
  Alloc 0x10 of 0x00/0xE0: L1 L2 Failed (thread=800201A8, main=800201A8)
  Alloc 0x10 of 0x20/0xE0: L1 L2 OK (thread=00000000)
  Alloc 0x10 of 0x40/0xE0: L1 L2 OK (thread=00000000)

After delete: 800201B5

Zero: A1B1C2E1D1F2 (thread=800201B5, main=800201B7)
Alloc same: A1B1C2E2D1F2 (thread=800201B5, main=00000000)
Alloc other: A1B1C2E1D1F2 (thread=800201B5, main=00000000)

Callbacks:
  Invalid: 
  Successful: callbackFunc: 2, 1, 00000000
  More than available: 
  Unsuccessful: callbackFunc: 2, 1, 00000000
Timeouts:
  1 = 16
  2 = 13
  3 = 14
  4 = 13
  5 = 14
  6 = 250
  7 = 18
  8 = 253
  9 = 253
  10 = 254
  11 = 255
  12 = 253
  13 = 256
  14 = 252
  15 = 253
  16 = 253
  17 = 256
  30 = 256
  100 = 254
  210 = 253
  211 = 252
  215 = 256
  216 = 258
  217 = 258
  218 = 260
  219 = 260
  220 = 262
