Started
vtfm3.t: -10271.000000,12362.000000,-14453.000000,0.000000
vhtfm3.t: -10258.000000,12348.000000,-14438.000000,16528.000000
vhtfm4.q: 0.000000,0.000000,0.000000,0.000000
non transpose: 1.000000,-2.000000,3.000000,-4.000000
non transpose: 5.000000,-6.000000,7.000000,-8.000000
non transpose: 9.000000,-10.000000,11.000000,-12.000000
non transpose: 13.000000,-14.000000,15.000000,-16.000000
transpose: 1.000000,5.000000,9.000000,13.000000
transpose: -2.000000,-6.000000,-10.000000,-14.000000
transpose: 3.000000,7.000000,11.000000,15.000000
transpose: -4.000000,-8.000000,-12.000000,-16.000000
vmmul.q: 1585.000000,1655.000000,1787.000000,1861.000000
vmmul.q: 5318.000000,5562.000000,5980.000000,6246.000000
vmmul.q: 10514.000000,11006.000000,11840.000000,12378.000000
vmmul.q: 15894.000000,16634.000000,17888.000000,18710.000000
vmidt: 1.000000,0.000000,3.000000,-4.000000
vmidt: 0.000000,1.000000,3.000000,-4.000000
vmidt: 1.000000,-2.000000,1.000000,0.000000
vmidt: 1.000000,-2.000000,0.000000,1.000000
vmidt: 1.000000,0.000000,0.000000,-4.000000
vmidt: 0.000000,1.000000,0.000000,-4.000000
vmidt: 0.000000,0.000000,1.000000,-4.000000
vmidt: 1.000000,-2.000000,3.000000,-4.000000
vmidt: 1.000000,0.000000,0.000000,0.000000
vmidt: 0.000000,1.000000,0.000000,0.000000
vmidt: 0.000000,0.000000,1.000000,0.000000
vmidt: 0.000000,0.000000,0.000000,1.000000
vmscl.q: 1585.000000,7925.000000,14265.000000,20605.000000
vmscl.q: -3170.000000,-9510.000000,-15850.000000,-22190.000000
vmscl.q: 4755.000000,11095.000000,17435.000000,23775.000000
vmscl.q: -6340.000000,-12680.000000,-19020.000000,-25360.000000
Ended
