      Filled:                 MATRIX 0                 |                 MATRIX 1                 |                 MATRIX 2                 |                 MATRIX 3                 |                 MATRIX 4                 |                 MATRIX 5                 |                 MATRIX 6                 |                 MATRIX 7                
      Filled:     0.000     1.000     2.000     3.000  |     4.000     5.000     6.000     7.000  |     8.000     9.000    10.000    11.000  |    12.000    13.000    14.000    15.000  |    16.000    17.000    18.000    19.000  |    20.000    21.000    22.000    23.000  |    24.000    25.000    26.000    27.000  |    28.000    29.000    30.000    31.000 
      Filled:    32.000    33.000    34.000    35.000  |    36.000    37.000    38.000    39.000  |    40.000    41.000    42.000    43.000  |    44.000    45.000    46.000    47.000  |    48.000    49.000    50.000    51.000  |    52.000    53.000    54.000    55.000  |    56.000    57.000    58.000    59.000  |    60.000    61.000    62.000    63.000 
      Filled:    64.000    65.000    66.000    67.000  |    68.000    69.000    70.000    71.000  |    72.000    73.000    74.000    75.000  |    76.000    77.000    78.000    79.000  |    80.000    81.000    82.000    83.000  |    84.000    85.000    86.000    87.000  |    88.000    89.000    90.000    91.000  |    92.000    93.000    94.000    95.000 
      Filled:    96.000    97.000    98.000    99.000  |   100.000   101.000   102.000   103.000  |   104.000   105.000   106.000   107.000  |   108.000   109.000   110.000   111.000  |   112.000   113.000   114.000   115.000  |   116.000   117.000   118.000   119.000  |   120.000   121.000   122.000   123.000  |   124.000   125.000   126.000   127.000 

     Doubled:                 MATRIX 0                 |                 MATRIX 1                 |                 MATRIX 2                 |                 MATRIX 3                 |                 MATRIX 4                 |                 MATRIX 5                 |                 MATRIX 6                 |                 MATRIX 7                
     Doubled:     0.000     2.000     4.000     6.000  |     8.000    10.000    12.000    14.000  |    16.000    18.000    20.000    22.000  |    24.000    26.000    28.000    30.000  |    32.000    34.000    36.000    38.000  |    40.000    42.000    44.000    46.000  |    48.000    50.000    52.000    54.000  |    56.000    58.000    60.000    62.000 
     Doubled:    64.000    66.000    68.000    70.000  |    72.000    74.000    76.000    78.000  |    80.000    82.000    84.000    86.000  |    88.000    90.000    92.000    94.000  |    96.000    98.000   100.000   102.000  |   104.000   106.000   108.000   110.000  |   112.000   114.000   116.000   118.000  |   120.000   122.000   124.000   126.000 
     Doubled:   128.000   130.000   132.000   134.000  |   136.000   138.000   140.000   142.000  |   144.000   146.000   148.000   150.000  |   152.000   154.000   156.000   158.000  |   160.000   162.000   164.000   166.000  |   168.000   170.000   172.000   174.000  |   176.000   178.000   180.000   182.000  |   184.000   186.000   188.000   190.000 
     Doubled:   192.000   194.000   196.000   198.000  |   200.000   202.000   204.000   206.000  |   208.000   210.000   212.000   214.000  |   216.000   218.000   220.000   222.000  |   224.000   226.000   228.000   230.000  |   232.000   234.000   236.000   238.000  |   240.000   242.000   244.000   246.000  |   248.000   250.000   252.000   254.000 

    Swizzled:                 MATRIX 0                 |                 MATRIX 1                 |                 MATRIX 2                 |                 MATRIX 3                 |                 MATRIX 4                 |                 MATRIX 5                 |                 MATRIX 6                 |                 MATRIX 7                
    Swizzled:   396.000   396.000   396.000   396.000  |   428.000   428.000   428.000   428.000  |   460.000   460.000   460.000   460.000  |   492.000   492.000   492.000   492.000  |   524.000   524.000   524.000   524.000  |   556.000   556.000   556.000   556.000  |   588.000   588.000   588.000   588.000  |   620.000   620.000   620.000   620.000 
    Swizzled:   396.000   396.000   396.000   396.000  |   428.000   428.000   428.000   428.000  |   460.000   460.000   460.000   460.000  |   492.000   492.000   492.000   492.000  |   524.000   524.000   524.000   524.000  |   556.000   556.000   556.000   556.000  |   588.000   588.000   588.000   588.000  |   620.000   620.000   620.000   620.000 
    Swizzled:   396.000   396.000   396.000   396.000  |   428.000   428.000   428.000   428.000  |   460.000   460.000   460.000   460.000  |   492.000   492.000   492.000   492.000  |   524.000   524.000   524.000   524.000  |   556.000   556.000   556.000   556.000  |   588.000   588.000   588.000   588.000  |   620.000   620.000   620.000   620.000 
    Swizzled:   396.000   396.000   396.000   396.000  |   428.000   428.000   428.000   428.000  |   460.000   460.000   460.000   460.000  |   492.000   492.000   492.000   492.000  |   524.000   524.000   524.000   524.000  |   556.000   556.000   556.000   556.000  |   588.000   588.000   588.000   588.000  |   620.000   620.000   620.000   620.000 

     Upgrade:                 MATRIX 0                 |                 MATRIX 1                 |                 MATRIX 2                 |                 MATRIX 3                 |                 MATRIX 4                 |                 MATRIX 5                 |                 MATRIX 6                 |                 MATRIX 7                
     Upgrade:    13.500    18.333    13.500    26.333  |   205.875    63.562   205.875    64.562  |       inf     1.500       inf     1.833  |    36.333     0.208    36.333    55.771  |    53.062    55.563    53.062    56.063  |  2099.500    18.500  2099.500    18.375  |       inf    -2.625       inf    -2.624  |     6.802    99.001     6.802   117.001 
     Upgrade:     5.500    55.562     0.000    99.000  |   100.000    -0.000    -1.100     0.333  |       inf  1000.000     8.000    55.562  |    64.562     0.000     1.000     0.500  |     0.500    -1.100     0.333    -0.125  |   999.875     8.000    55.562     0.001  |     0.001     1.000     0.500    18.000  |    16.900     0.333    -0.125    -2.500 
     Upgrade:    27.000     5.500       inf    -0.125  |   411.750    98.900     9.000     0.000  |       inf       inf    -0.000    -1.100  |    72.667    65.562  1000.000     8.000  |   106.125     0.833     0.000     1.000  |  4199.000  1055.438    -1.100     0.333  |       inf     0.501     8.000    55.562  |    13.604    16.775     1.000     0.500 
     Upgrade:     5.500     9.000     0.001     1.000  |   100.000     0.500    18.000       inf  |       inf    -0.125    -2.500     9.000  |    64.562     0.001    99.000    -0.000  |     0.500    18.000       inf  1000.000  |   999.875    -2.500     9.000     0.000  |     0.001    99.000    -0.000    -1.100  |    16.900       inf  1000.000     8.000 

     Combine:                 MATRIX 0                 |                 MATRIX 1                 |                 MATRIX 2                 |                 MATRIX 3                 |                 MATRIX 4                 |                 MATRIX 5                 |                 MATRIX 6                 |                 MATRIX 7                
     Combine:    14.000    18.667    14.000    26.667  |   205.750   119.125   205.750   120.125  |       inf     2.000       inf     2.333  |    54.333     0.083    54.333    55.646  |    50.562    55.564    50.562    56.064  |  2198.500    36.500  2198.500    36.375  |       inf    -5.125       inf    -5.124  |    15.802   198.001    15.802   216.001 
     Combine:     5.500   111.125     0.000    99.000  |   100.000    -0.000    -2.199     0.333  |       inf  2000.000    16.000    55.562  |    64.562     0.000     2.000     0.500  |     0.500    -2.199     0.667    -0.125  |   999.875    16.000   111.125     0.001  |     0.001     2.000     1.000    18.000  |    16.900     0.667    -0.250    -2.500 
     Combine:    28.000     5.500       inf    -0.250  |   411.500    97.801     9.000     0.000  |       inf       inf    -0.000    -2.199  |   108.667    66.562  1000.000    16.000  |   101.125     1.167     0.000     2.000  |  4397.000  1111.000    -1.100     0.667  |       inf     1.001     8.000   111.125  |    31.604    16.650     1.000     1.000 
     Combine:     5.500    18.000     0.001     1.000  |   100.000     1.000    18.000       inf  |       inf    -0.250    -2.500     9.000  |    64.562     0.002    99.000    -0.000  |     0.500    36.000       inf  1000.000  |   999.875    -5.000     9.000     0.000  |     0.001   198.000    -0.000    -1.100  |    16.900       inf  1000.000     8.000 

