NULL: Failed (800201C3)
Invalid: Failed (800201C3)
Valid: OK
Twice: Failed (800201C3)
Scheduling: ABCDE
