Using default SDK version:

Unknown (0x00):
  LIST #	DRAWSTATE	INFO
  List 1	          	Enqueued without stall...
  List 1	2 DRAWING 	Sync 2 DRAWING
  List 1	2 DRAWING 	Sync 2 DRAWING after continue (ffffffff)
  List 2	          	Enqueued with late stall...
  List 2	2 DRAWING 	Sync 1 QUEUED
  List 2	2 DRAWING 	Sync 1 QUEUED after continue (ffffffff)
  List 2	2 DRAWING 	Sync 1 QUEUED after unstall (00000000)
  BREAK 	          	00000000

Signal handler + wait (0x01):
  LIST #	DRAWSTATE	INFO
  List 1	          	Enqueued without stall...
  STALL FAILED 80000100
  List 1	2 DRAWING 	Signal(1234, dlist1id, list+FF) Sync 4 PAUSED
  List 1	0 DONE    	Finish(0, dlist1id, list+FF) Sync 0 DONE
  List 1	0 DONE    	Sync 0 DONE
  List 1	0 DONE    	Sync 0 DONE after continue (00000000)
  List 2	          	Enqueued with stall...
  List 2	2 DRAWING 	Signal(1234, dlist2id, list+FF) Sync 4 PAUSED
  List 2	2 DRAWING 	Sync 2 DRAWING
  List 2	2 DRAWING 	Sync 2 DRAWING after continue (ffffffff)
  List 2	0 DONE    	Finish(0, dlist2id, list+FF) Sync 0 DONE
  List 2	0 DONE    	Sync 0 DONE after unstall (00000000)
  WAIT  	0 DONE    	

Signal handler only (0x02):
  LIST #	DRAWSTATE	INFO
  List 1	          	Enqueued without stall...
  STALL FAILED 80000100
  List 1	2 DRAWING 	Signal(1234, dlist1id, list+FF) Sync 2 DRAWING
  List 1	0 DONE    	Finish(0, dlist1id, list+FF) Sync 0 DONE
  List 1	0 DONE    	Sync 0 DONE
  List 1	0 DONE    	Sync 0 DONE after continue (00000000)
  List 2	          	Enqueued with stall...
  List 2	2 DRAWING 	Signal(1234, dlist2id, list+FF) Sync 2 DRAWING
  List 2	0 DONE    	Finish(0, dlist2id, list+FF) Sync 0 DONE
  List 2	0 DONE    	Sync 0 DONE
  List 2	0 DONE    	Sync 0 DONE after continue (00000000)
  List 2	0 DONE    	Sync 0 DONE after unstall (80000020)
  WAIT  	0 DONE    	

Signal handler + pause (0x03):
  LIST #	DRAWSTATE	INFO
  List 1	          	Enqueued without stall...
  STALL FAILED 80000100
  List 1	2 DRAWING 	Signal(1234, dlist1id, list+FF) Sync 4 PAUSED
  List 1	2 DRAWING 	Sync 4 PAUSED
  List 1	0 DONE    	Finish(0, dlist1id, list+FF) Sync 0 DONE
  List 1	0 DONE    	Sync 0 DONE after continue (00000000)
  List 2	          	Enqueued with late stall...
  List 2	2 DRAWING 	Signal(1234, dlist2id, list+FF) Sync 4 PAUSED
  List 2	2 DRAWING 	Sync 4 PAUSED
  List 2	0 DONE    	Finish(0, dlist2id, list+FF) Sync 0 DONE
  List 2	0 DONE    	Sync 0 DONE after continue (00000000)
  List 2	0 DONE    	Sync 0 DONE after unstall (80000020)
  WAIT  	0 DONE    	


Using 6.60 SDK version:

Unknown (0x00):
  LIST #	DRAWSTATE	INFO
  List 1	          	Enqueued without stall...
  List 1	2 DRAWING 	Sync 2 DRAWING
  List 1	2 DRAWING 	Sync 2 DRAWING after continue (80000020)
  List 2	          	Enqueued with late stall...
  List 2	2 DRAWING 	Sync 80000100 INVALID
  List 2	2 DRAWING 	Sync 80000100 INVALID after continue (80000020)
  List 2	2 DRAWING 	Sync 80000100 INVALID after unstall (80000100)
  BREAK 	          	00000000

Signal handler + wait (0x01):
  LIST #	DRAWSTATE	INFO
  List 1	          	Enqueued without stall...
  STALL FAILED 80000100
  List 1	2 DRAWING 	Signal(1234, dlist1id, list+03) Sync 2 DRAWING
  List 1	0 DONE    	Finish(0, dlist1id, list+0C) Sync 0 DONE
  List 1	0 DONE    	Sync 0 DONE
  List 1	0 DONE    	Sync 0 DONE after continue (00000000)
  List 2	          	Enqueued with stall...
  List 2	2 DRAWING 	Signal(1234, dlist2id, list+03) Sync 2 DRAWING
  List 2	0 DONE    	Finish(0, dlist2id, list+0C) Sync 0 DONE
  List 2	0 DONE    	Sync 0 DONE
  List 2	0 DONE    	Sync 0 DONE after continue (00000000)
  List 2	0 DONE    	Sync 0 DONE after unstall (80000020)
  WAIT  	0 DONE    	

Signal handler only (0x02):
  LIST #	DRAWSTATE	INFO
  List 1	          	Enqueued without stall...
  STALL FAILED 80000100
  List 1	2 DRAWING 	Signal(1234, dlist1id, list+03) Sync 2 DRAWING
  List 1	0 DONE    	Finish(0, dlist1id, list+0C) Sync 0 DONE
  List 1	0 DONE    	Sync 0 DONE
  List 1	0 DONE    	Sync 0 DONE after continue (00000000)
  List 2	          	Enqueued with stall...
  List 2	2 DRAWING 	Signal(1234, dlist2id, list+03) Sync 2 DRAWING
  List 2	0 DONE    	Finish(0, dlist2id, list+0C) Sync 0 DONE
  List 2	0 DONE    	Sync 0 DONE
  List 2	0 DONE    	Sync 0 DONE after continue (00000000)
  List 2	0 DONE    	Sync 0 DONE after unstall (80000020)
  WAIT  	0 DONE    	

Signal handler + pause (0x03):
  LIST #	DRAWSTATE	INFO
  List 1	          	Enqueued without stall...
  STALL FAILED 80000100
  List 1	2 DRAWING 	Signal(1234, dlist1id, list+0C) Sync 4 PAUSED
  List 1	2 DRAWING 	Sync 4 PAUSED
  List 1	0 DONE    	Finish(0, dlist1id, list+10) Sync 0 DONE
  List 1	0 DONE    	Sync 0 DONE after continue (00000000)
  List 2	          	Enqueued with late stall...
  List 2	2 DRAWING 	Signal(1234, dlist2id, list+0C) Sync 4 PAUSED
  List 2	2 DRAWING 	Sync 4 PAUSED
  List 2	0 DONE    	Finish(0, dlist2id, list+10) Sync 0 DONE
  List 2	0 DONE    	Sync 0 DONE after continue (00000000)
  List 2	0 DONE    	Sync 0 DONE after unstall (80000020)
  WAIT  	0 DONE    	
