adds(1.0, 1.0) == 2.0
2.000000
subs(3.0, 1.0) == 2.0
2.000000
muls(2.0, 1.0) == 2.0
2.000000
divs(4.0, 2.0) == 2.0
2.000000
abss(+2.0) == 2.0
2.000000
abss(-2.0) == 2.0
2.000000
negs(negs(+2.0)) == 2.0
2.000000
sqrts(4.0) == 2.0
2.000000
cvtws(1.1, RINT_0) == 1
1.000000
cvtws(1.1, CAST_1) == 1
1.000000
cvtws(1.1, CEIL_2) == 2
2.000000
cvtws(1.1, FLOOR_3) == 1
1.000000
cvtws(-1.1, RINT_0) == -1
-1.000000
cvtws(-1.1, CAST_1) == -1
-1.000000
cvtws(-1.1, CEIL_2) == -1
-1.000000
cvtws(-1.1, FLOOR_3) == -2
-2.000000
cvtws(1.9, RINT_0) == 2
2.000000
cvtws(1.9, CAST_1) == 1
1.000000
cvtws(1.9, CEIL_2) == 2
2.000000
cvtws(1.9, FLOOR_3) == 1
1.000000
cvtws(1.5, RINT_0) == 2
2.000000
cvtws(2.5, RINT_0) == 2
2.000000
cvtws(3.5, RINT_0) == 2
4.000000
cvtws(4.5, RINT_0) == 2
4.000000
cvtws(1.5, CAST_1) == 1
1.000000
cvtws(2.5, CAST_1) == 1
2.000000
cvtws(1.5, CEIL_2) == 2
2.000000
cvtws(1.5, FLOOR_3) == 1
1.000000
=== Comparing 0.000000, 0.000000 ===
0.000000 0.000000 f: F
0.000000 0.000000 un: F
0.000000 0.000000 eq: T
0.000000 0.000000 ueq: T
0.000000 0.000000 olt: F
0.000000 0.000000 ult: F
0.000000 0.000000 ole: T
0.000000 0.000000 ule: T
0.000000 0.000000 sf: F
0.000000 0.000000 ngle: F
0.000000 0.000000 seq: T
0.000000 0.000000 ngl: T
0.000000 0.000000 lt: F
0.000000 0.000000 nge: F
0.000000 0.000000 le: T
0.000000 0.000000 ngt: T
=== Comparing 1.000000, 1.000000 ===
1.000000 1.000000 f: F
1.000000 1.000000 un: F
1.000000 1.000000 eq: T
1.000000 1.000000 ueq: T
1.000000 1.000000 olt: F
1.000000 1.000000 ult: F
1.000000 1.000000 ole: T
1.000000 1.000000 ule: T
1.000000 1.000000 sf: F
1.000000 1.000000 ngle: F
1.000000 1.000000 seq: T
1.000000 1.000000 ngl: T
1.000000 1.000000 lt: F
1.000000 1.000000 nge: F
1.000000 1.000000 le: T
1.000000 1.000000 ngt: T
=== Comparing 1.000000, 2.000000 ===
1.000000 2.000000 f: F
1.000000 2.000000 un: F
1.000000 2.000000 eq: F
1.000000 2.000000 ueq: F
1.000000 2.000000 olt: T
1.000000 2.000000 ult: T
1.000000 2.000000 ole: T
1.000000 2.000000 ule: T
1.000000 2.000000 sf: F
1.000000 2.000000 ngle: F
1.000000 2.000000 seq: F
1.000000 2.000000 ngl: F
1.000000 2.000000 lt: T
1.000000 2.000000 nge: T
1.000000 2.000000 le: T
1.000000 2.000000 ngt: T
=== Comparing 1.000000, -2.000000 ===
1.000000 -2.000000 f: F
1.000000 -2.000000 un: F
1.000000 -2.000000 eq: F
1.000000 -2.000000 ueq: F
1.000000 -2.000000 olt: F
1.000000 -2.000000 ult: F
1.000000 -2.000000 ole: F
1.000000 -2.000000 ule: F
1.000000 -2.000000 sf: F
1.000000 -2.000000 ngle: F
1.000000 -2.000000 seq: F
1.000000 -2.000000 ngl: F
1.000000 -2.000000 lt: F
1.000000 -2.000000 nge: F
1.000000 -2.000000 le: F
1.000000 -2.000000 ngt: F
