1
0
powerHandler called: 00000001, 00000185, 00001234
00000000
80000025
