Normal: OK
NULL: Failed (80020199)
Invalid: Failed (80020199)
Deleted: Failed (80020199)
ABCDE
