[x] Objects:
[x]   Normal: OK (bytes=256, timeout=1ms) Msgpipe: OK (size=56, name=msgpipe, attr=00000000, buffer=1000, free=f00, sending=0, receiving=0)
[x]   NULL: Failed (8002019e, bytes=1337, timeout=1ms)
[x]   Invalid: Failed (8002019e, bytes=1337, timeout=1ms)
[x]   Deleted: Failed (8002019e, bytes=1337, timeout=1ms)

[x] Buffers:
[x]   0 length: OK (bytes=0, timeout=1ms) Msgpipe: OK (size=56, name=msgpipe, attr=00000000, buffer=1000, free=1000, sending=0, receiving=0)
[x]   NULL and 0 length: OK (bytes=0, timeout=1ms) Msgpipe: OK (size=56, name=msgpipe, attr=00000000, buffer=1000, free=1000, sending=0, receiving=0)
[x]   Unaligned: OK (bytes=1, timeout=1ms) Msgpipe: OK (size=56, name=msgpipe, attr=00000000, buffer=1000, free=fff, sending=0, receiving=0)
[x]   Bigger than buffer: Failed (800201bc, bytes=1337, timeout=1ms)
[x]   Larger (0x10000): Failed (800201bc, bytes=1337, timeout=1ms)
[x]   Larger (0x40000000): Failed (800201bc, bytes=1337, timeout=1ms)
[x]   Negative: Failed (800200d3, bytes=1337, timeout=1ms)
[x]   Fill: OK (bytes=4095, timeout=1ms) Msgpipe: OK (size=56, name=msgpipe, attr=00000000, buffer=1000, free=0, sending=0, receiving=0)
[r]   Timeout: Failed (800201a8, bytes=0, timeout=0ms)
[x]   Without bytes: OK (bytes=-1, timeout=1ms) Msgpipe: OK (size=56, name=msgpipe, attr=00000000, buffer=1000, free=f00, sending=0, receiving=0)
[x]   Without timeout: OK (bytes=256, timeout=0ms) Msgpipe: OK (size=56, name=msgpipe, attr=00000000, buffer=1000, free=e00, sending=0, receiving=0)

[x] ASAP mode:
[x]   ASAP: OK (bytes=256, timeout=1ms) Msgpipe: OK (size=56, name=msgpipe, attr=00000000, buffer=1000, free=f00, sending=0, receiving=0)
[x]   ASAP partial: OK (bytes=3840, timeout=1ms) Msgpipe: OK (size=56, name=msgpipe, attr=00000000, buffer=1000, free=0, sending=0, receiving=0)
[x]   ASAP too big: Failed (800201bc, bytes=1337, timeout=1ms)
[x]   ASAP no bytes: OK (bytes=-1, timeout=1ms) Msgpipe: OK (size=56, name=msgpipe, attr=00000000, buffer=1000, free=f00, sending=0, receiving=0)
[x]   ASAP partial no bytes: OK (bytes=-1, timeout=1ms) Msgpipe: OK (size=56, name=msgpipe, attr=00000000, buffer=1000, free=0, sending=0, receiving=0)

[x] Other modes:
[x]   Mode -2: Failed (80020195, bytes=1337, timeout=1ms)
[x]   Mode -1: Failed (80020195, bytes=1337, timeout=1ms)
[x]   Mode 2: Failed (80020195, bytes=1337, timeout=1ms)
[x]   Mode 3: Failed (80020195, bytes=1337, timeout=1ms)
[x]   Mode 4: Failed (80020195, bytes=1337, timeout=1ms)
[x]   Mode 5: Failed (80020195, bytes=1337, timeout=1ms)
[x]   Mode 6: Failed (80020195, bytes=1337, timeout=1ms)
[x]   Mode 7: Failed (80020195, bytes=1337, timeout=1ms)
[x]   Mode 8: Failed (80020195, bytes=1337, timeout=1ms)
[x]   Mode 9: Failed (80020195, bytes=1337, timeout=1ms)
[x]   Mode 257: Failed (80020195, bytes=1337, timeout=1ms)
[x]   Mode 4097: Failed (80020195, bytes=1337, timeout=1ms)
[x]   Mode 65537: Failed (80020195, bytes=1337, timeout=1ms)

[x] Buffers (pipe size = 0):
[x]   0 length: OK (bytes=0, timeout=1ms) Msgpipe: OK (size=56, name=msgpipe, attr=00000000, buffer=0, free=0, sending=0, receiving=0)
[x]   NULL and 0 length: OK (bytes=0, timeout=1ms) Msgpipe: OK (size=56, name=msgpipe, attr=00000000, buffer=0, free=0, sending=0, receiving=0)
[r]   Unaligned: Failed (800201a8, bytes=0, timeout=0ms)
[r]   Bigger than buffer: Failed (800201a8, bytes=0, timeout=0ms)
[x]   Negative: Failed (800200d3, bytes=1337, timeout=1ms)
[r]   Fill: Failed (800201a8, bytes=0, timeout=0ms)
[r]   Timeout: Failed (800201a8, bytes=0, timeout=0ms)
[r]   Without bytes: Failed (800201a8, bytes=-1, timeout=0ms)

[x] ASAP mode (pipe size = 0):
[r]   ASAP: Failed (800201a8, bytes=0, timeout=0ms)
[r]   ASAP partial: Failed (800201a8, bytes=0, timeout=0ms)
[r]   ASAP too big: Failed (800201a8, bytes=0, timeout=0ms)
[r]   ASAP no bytes: Failed (800201a8, bytes=-1, timeout=0ms)
[r]   ASAP partial no bytes: Failed (800201a8, bytes=-1, timeout=0ms)

[x] Timeouts:
[x] 0us: Failed (800201a8, bytes=0, timeout=0ms)
[x] 1us: Failed (800201a8, bytes=0, timeout=0ms)
[x] 2us: Failed (800201a8, bytes=0, timeout=0ms)
[x] 3us: Failed (800201a8, bytes=0, timeout=0ms)
[x] 4us: Failed (800201a8, bytes=0, timeout=0ms)
[r] 5us: Failed (800201a8, bytes=0, timeout=0ms)
[r] 6us: Failed (800201a8, bytes=0, timeout=0ms)
[r] 7us: Failed (800201a8, bytes=0, timeout=0ms)
[r] 8us: Failed (800201a8, bytes=0, timeout=0ms)
[r] 9us: Failed (800201a8, bytes=0, timeout=0ms)
[r] 10us: Failed (800201a8, bytes=0, timeout=0ms)
[r] 15us: Failed (800201a8, bytes=0, timeout=0ms)
[r] 30us: Failed (800201a8, bytes=0, timeout=0ms)
[r] 50us: Failed (800201a8, bytes=0, timeout=0ms)
[r] 100us: Failed (800201a8, bytes=0, timeout=0ms)
[r] 200us: Failed (800201a8, bytes=0, timeout=0ms)
[r] 205us: Failed (800201a8, bytes=0, timeout=0ms)
[r] 210us: Failed (800201a8, bytes=0, timeout=0ms)
[r] 215us: Failed (800201a8, bytes=0, timeout=0ms)
[r] 220us: Failed (800201a8, bytes=0, timeout=0ms)
[r] 300us: Failed (800201a8, bytes=0, timeout=0ms)

[x] With one waiting:
[r] size=256
[r]   ** started receiving thread
[x]   With receiving thread: OK (bytes=256, timeout=1ms) Msgpipe: OK (size=56, name=msgpipe, attr=00000000, buffer=100, free=100, sending=0, receiving=0)
[r]   ** receiving thread got result: 00000000, received = 00000100, timeout = 9ms remaining
[r]   ** stopped receiving thread

[x] With partial receive timeout:
[r] size=128
[r]   ** started receiving thread 1
[r] size=256
[r]   ** started receiving thread 2
[x]   With receiving threads: OK (bytes=256, timeout=1ms) Msgpipe: OK (size=56, name=msgpipe, attr=00000000, buffer=100, free=100, sending=0, receiving=1)
[r]   ** receiving thread 1 got result: 00000000, received = 00000080, timeout = 7ms remaining
[r]   ** receiving thread 2 got result: 800201a8, received = 00000080, timeout = 0ms remaining

[x] With interleaved send waits:
[r]   ** sending thread 1 got result: 00000000, sent = 00000080, timeout = 10ms remaining
[r]   ** started sending thread 1
[r]   ** started sending thread 2
[r]   ** started sending thread 3
[x]   Receive with three sending: 00000000
[r]   ** sending thread 2 got result: 00000000, sent = 00000100, timeout = 7ms remaining
[r]   ** sending thread 3 got result: 00000000, sent = 00000080, timeout = 8ms remaining
