[x] InitStart: 00000000
[x] GetStatus after 1: 00000001
[x] Result -> 00001337
[x] Button -> 00001337
[x] Error -> 00001337
[r] GetStatus after 34: 00000002
[r] Result -> 00000000
[r] Abort: 00000000
[r] GetStatus after 468: 00000003
[x] ShutdownStart: 00000000
[x] GetStatus after 1: 00000004
[r] GetStatus after 1: 00000000
