Started
vfpu_vc2i_s: 67000000, 45000000, 23000000, 01000000
vfpu_vuc2i_s: 33B3B3B3, 22A2A2A2, 11919191, 00808080
vfpu_vuc2i_s: 44C4C4C4, 5D5D5D5D, 6E6E6E6E, 7F7F7F7F
vfpu_vs2i_s: 45670000, 01230000, 00000000, 00000000
vfpu_vs2i_p: 45670000, 01230000, CDEF0000, 89AB0000
vfpu_vs2i_s: 00FF0000, FCCF0000, CDEF0000, 89AB0000
vfpu_vs2i_p: 00FF0000, FCCF0000, FF110000, 11000000
vfpu_vi2f_q: 0.062500, 0.625000, 624.937500, 105827.125000
Ended
