Started
vfpu_rgba8888to4444: FFFFFF0F, FFFF810F, 0000750F, 00000A0F
vfpu_rgba8888to5551: FFFFFC1F, FFFF881F, 0000281F, 0000541F
vfpu_rgba8888to5650: FFFFF81F, 0000101F, 0000501F, FFFFA81F
Ended
