[x] sceGeGetStack - without list:
[x]   -1: 00000000
[x]      * 0: 00000000
[x]      * 1: 00000001
[x]      * 2: 00000002
[x]      * 7: 00000007
[x]   0: 00000000
[x]      * 0: 00000000
[x]      * 1: 00000001
[x]      * 2: 00000002
[x]      * 7: 00000007
[x]   255: 00000000
[x]      * 0: 00000000
[x]      * 1: 00000001
[x]      * 2: 00000002
[x]      * 7: 00000007
[x]   NULL stack: 00000000
[x]      * 0: 00000000
[x]      * 1: 00000001
[x]      * 2: 00000002
[x]      * 7: 00000007

[x] sceGeGetStack - within list:
[x]   -1: 00000001
[x]      * 0: 00000000
[x]      * 1: 00000001
[x]      * 2: 00000002
[x]      * 7: 00000007
[x]   0: 00000001
[x]      * 0: 00000000
[x]      * 1: 00000001
[x]      * 2: 00000002
[x]      * 7: 00000007
[x]   255: 80000102
[x]      * 0: 00000000
[x]      * 1: 00000001
[x]      * 2: 00000002
[x]      * 7: 00000007
[x]   NULL stack: 00000001
[x]      * 0: 00000000
[x]      * 1: 00000001
[x]      * 2: 00000002
[x]      * 7: 00000007
[x]   Base address: 10080000
