A1
A2
A3
A4
A5
Unlocking...
Unlocked 2? 800201BD
Unlocking...
B1
Unlocked 1? 00000000
B2
B3
B4
B5
Delete: 00000000


A1
A2
A3
A4
A5
Unlocking...
Unlocked 2? 800201BD
Unlocking...
B5
Unlocked 1? 00000000
B4
B3
B2
B1
Delete: 00000000


