Started
checkPrefixes:
general:
1.000000, 1.000000, 1.000000, 1.000000
0.000000, 1.000000, 2.000000, 0.500000
3.000000, 0.333333, 0.250000, 0.166667
1.000000, -1.000000, 2.000000, -2.000000
1.000000, -1.000000, 1.000000, -1.000000
source:
nan (-), nan, nan, nan
-inf (-), -inf, -inf, -inf
-0.000000 (-), -0.000000, -0.000000, -0.000000
3.000000 (+), 3.000000, 3.000000, 3.000000
nan (+), inf, 0.000000, -3.000000
nan (+), inf, 0.000000, 3.000000
nan (-), -inf, -0.000000, -3.000000
0.000000 (+), 1.000000, 2.000000, 0.500000
3.000000 (+), 0.333333, 0.250000, 0.166667
dest:
nan (-), 0.000000, 0.000000, 1.000000
nan (-), -1.000000, -0.000000, 1.000000
nan (-), -inf, -0.000000, 3.000000
checkOps:
1.000000 (+), -0.000000, -inf, nan
